// Jest Snapshot v1, https://goo.gl/fbAQLP

exports[`VehicleTableHeader renders without crashing 1`] = `
<div
  className="vehicleTableHeader"
>
  <p
    className="vehicleHeaderCell"
  >
    ID
  </p>
  <p
    className="vehicleHeaderCell"
  >
    Name
  </p>
  <p
    className="vehicleHeaderCell"
  >
    Driver
  </p>
  <p
    className="vehicleHeaderCell"
  >
    Status
  </p>
  <p
    className="vehicleHeaderCell"
  >
    FuelType
  </p>
  <p
    className="vehicleHeaderCell"
  >
    Equipments
  </p>
</div>
`;
