// Jest Snapshot v1, https://goo.gl/fbAQLP

exports[`VehicleTableHeader renders without crashing 1`] = `
<div
  className="vehicleTableHeader"
>
  <p
    className="vehicleTableCell"
    onClick={[Function]}
  >
    id
  </p>
  <p
    className="vehicleTableCell"
    onClick={[Function]}
  >
    name
  </p>
  <p
    className="vehicleTableCell"
    onClick={[Function]}
  >
    driver
  </p>
  <p
    className="vehicleTableCell"
    onClick={[Function]}
  >
    status
  </p>
  <p
    className="vehicleTableCell"
    onClick={[Function]}
  >
    fuelType
  </p>
  <p
    className="vehicleTableCell"
    onClick={[Function]}
  >
    equipments
  </p>
</div>
`;
