// Jest Snapshot v1, https://goo.gl/fbAQLP

exports[`VehicleTableRow renders without crashing 1`] = `
<div
  className="vehicleTableRow"
  data-testid="VehicleTableRow"
>
  <p
    className="vehicleTableCell"
    data-testid="VehicleTableCell-text"
    onClick={[Function]}
  >
    <span
      className="dataText"
    >
      v3
    </span>
  </p>
  <p
    className="vehicleTableCell"
    data-testid="VehicleTableCell-text"
    onClick={[Function]}
  >
    <span
      className="dataText"
    >
      GA33
    </span>
  </p>
  <p
    className="vehicleTableCell"
    data-testid="VehicleTableCell-text"
    onClick={[Function]}
  >
    <span
      className="dataText"
    >
      Squidward Tentacles
    </span>
  </p>
  <div
    className="vehicleTableCell iconWrapper"
    data-testid="VehicleStatus-on"
    onClick={[Function]}
  >
    <span
      className="dot"
      data-testid="Icon-active"
    />
    <p>
      <span
        className="dataText"
      >
        active
      </span>
    </p>
  </div>
  <p
    className="vehicleTableCell"
    data-testid="VehicleTableCell-text"
    onClick={[Function]}
  >
    <span
      className="dataText"
    >
      CNG
    </span>
  </p>
  <div
    className="vehicleEquipments"
    data-testid="VehicleEquipments-wrapper"
    onClick={[Function]}
  >
    <span
      className="dataText adjustHovered"
    >
      <p
        className="vehicleTableCell"
      >
        Hook
      </p>
    </span>
  </div>
</div>
`;
