// Jest Snapshot v1, https://goo.gl/fbAQLP

exports[`App renders without crashing 1`] = `
<main>
  <header
    className="header"
  >
    <h1
      className="title"
    >
      Welcome, Fleet Owner
    </h1>
    <p
      className="infoText"
    >
      Here you can view a full list of your vehicle fleet
    </p>
  </header>
  <div
    className="vehicleTable"
  >
    <div
      className="vehicleTableHeader"
    >
      <p
        className="vehicleTableCell"
        onClick={[Function]}
      >
        id
      </p>
      <p
        className="vehicleTableCell"
        onClick={[Function]}
      >
        name
      </p>
      <p
        className="vehicleTableCell"
        onClick={[Function]}
      >
        driver
      </p>
      <p
        className="vehicleTableCell"
        onClick={[Function]}
      >
        status
      </p>
      <p
        className="vehicleTableCell"
        onClick={[Function]}
      >
        fuelType
      </p>
      <p
        className="vehicleTableCell"
        onClick={[Function]}
      >
        equipments
      </p>
    </div>
    <div
      className="vehicleTableRow"
    >
      <p
        className="vehicleTableCell"
        onClick={[Function]}
      >
        v1
      </p>
      <p
        className="vehicleTableCell"
        onClick={[Function]}
      >
        AB23
      </p>
      <p
        className="vehicleTableCell"
        onClick={[Function]}
      >
        SpongeBob SquarePants
      </p>
      <div
        className="vehicleTableCell iconWrapper"
        onClick={[Function]}
      >
        <span
          className="dot"
          data-testid="Icon-active"
        />
        <p>
          active
        </p>
      </div>
      <p
        className="vehicleTableCell"
        onClick={[Function]}
      >
        LNG
      </p>
      <div
        className="vehicleEquipments"
        data-testid="VehicleEquipments-wrapper"
        onClick={[Function]}
      >
        <p
          className="vehicleTableCell"
        >
          Crane
        </p>
        <p
          className="vehicleTableCell"
        >
          Tachograph
        </p>
      </div>
    </div>
    <div
      className="vehicleTableRow"
    >
      <p
        className="vehicleTableCell"
        onClick={[Function]}
      >
        v2
      </p>
      <p
        className="vehicleTableCell"
        onClick={[Function]}
      >
        XXW123
      </p>
      <p
        className="vehicleTableCell"
        onClick={[Function]}
      >
        Patrick Star
      </p>
      <div
        className="vehicleTableCell iconWrapper"
        onClick={[Function]}
      >
        <span
          className="dot"
          data-testid="Icon-active"
        />
        <p>
          active
        </p>
      </div>
      <p
        className="vehicleTableCell"
        onClick={[Function]}
      >
        Diesel
      </p>
      <div
        className="vehicleEquipments"
        data-testid="VehicleEquipments-wrapper"
        onClick={[Function]}
      >
        <p
          className="vehicleTableCell"
        >
          Tachograph
        </p>
      </div>
    </div>
    <div
      className="vehicleTableRow"
    >
      <p
        className="vehicleTableCell"
        onClick={[Function]}
      >
        v3
      </p>
      <p
        className="vehicleTableCell"
        onClick={[Function]}
      >
        GA33
      </p>
      <p
        className="vehicleTableCell"
        onClick={[Function]}
      >
        Squidward Tentacles
      </p>
      <div
        className="vehicleTableCell iconWrapper"
        onClick={[Function]}
      >
        <span
          className="dot"
          data-testid="Icon-active"
        />
        <p>
          active
        </p>
      </div>
      <p
        className="vehicleTableCell"
        onClick={[Function]}
      >
        CNG
      </p>
      <div
        className="vehicleEquipments"
        data-testid="VehicleEquipments-wrapper"
        onClick={[Function]}
      >
        <p
          className="vehicleTableCell"
        >
          Hook
        </p>
      </div>
    </div>
    <div
      className="vehicleTableRow"
    >
      <p
        className="vehicleTableCell"
        onClick={[Function]}
      >
        v4
      </p>
      <p
        className="vehicleTableCell"
        onClick={[Function]}
      >
        LK21
      </p>
      <p
        className="vehicleTableCell"
        onClick={[Function]}
      >
        Mr. Krabs
      </p>
      <p
        className="vehicleTableCell"
        onClick={[Function]}
      >
        inactive
      </p>
      <p
        className="vehicleTableCell"
        onClick={[Function]}
      >
        Diesel
      </p>
      <div
        className="vehicleEquipments"
        data-testid="VehicleEquipments-wrapper"
        onClick={[Function]}
      />
    </div>
    <div
      className="vehicleTableRow"
    >
      <p
        className="vehicleTableCell"
        onClick={[Function]}
      >
        v5
      </p>
      <p
        className="vehicleTableCell"
        onClick={[Function]}
      >
        GHB 5
      </p>
      <p
        className="vehicleTableCell"
        onClick={[Function]}
      >
        Plankton and Karen
      </p>
      <div
        className="vehicleTableCell iconWrapper"
        onClick={[Function]}
      >
        <span
          className="dot"
          data-testid="Icon-active"
        />
        <p>
          active
        </p>
      </div>
      <p
        className="vehicleTableCell"
        onClick={[Function]}
      >
        Diesel
      </p>
      <div
        className="vehicleEquipments"
        data-testid="VehicleEquipments-wrapper"
        onClick={[Function]}
      >
        <p
          className="vehicleTableCell"
        >
          Crane
        </p>
        <p
          className="vehicleTableCell"
        >
          Hook
        </p>
      </div>
    </div>
    <div
      className="vehicleTableRow"
    >
      <p
        className="vehicleTableCell"
        onClick={[Function]}
      >
        v6
      </p>
      <p
        className="vehicleTableCell"
        onClick={[Function]}
      >
        LLO21
      </p>
      <p
        className="vehicleTableCell"
        onClick={[Function]}
      >
        Sandy Cheeks
      </p>
      <div
        className="vehicleTableCell iconWrapper"
        onClick={[Function]}
      >
        <span
          className="dot"
          data-testid="Icon-active"
        />
        <p>
          active
        </p>
      </div>
      <p
        className="vehicleTableCell"
        onClick={[Function]}
      >
        Diesel
      </p>
      <div
        className="vehicleEquipments"
        data-testid="VehicleEquipments-wrapper"
        onClick={[Function]}
      >
        <p
          className="vehicleTableCell"
        >
          Fire Extinguisher
        </p>
      </div>
    </div>
    <div
      className="vehicleTableRow"
    >
      <p
        className="vehicleTableCell"
        onClick={[Function]}
      >
        v7
      </p>
      <p
        className="vehicleTableCell"
        onClick={[Function]}
      >
        OWL21
      </p>
      <p
        className="vehicleTableCell"
        onClick={[Function]}
      >
        Mrs. Puff
      </p>
      <div
        className="vehicleTableCell iconWrapper"
        onClick={[Function]}
      >
        <span
          className="dot"
          data-testid="Icon-active"
        />
        <p>
          active
        </p>
      </div>
      <p
        className="vehicleTableCell"
        onClick={[Function]}
      >
        Electrical
      </p>
      <div
        className="vehicleEquipments"
        data-testid="VehicleEquipments-wrapper"
        onClick={[Function]}
      />
    </div>
    <div
      className="vehicleTableRow"
    >
      <p
        className="vehicleTableCell"
        onClick={[Function]}
      >
        v8
      </p>
      <p
        className="vehicleTableCell"
        onClick={[Function]}
      >
        JNWJ12
      </p>
      <p
        className="vehicleTableCell"
        onClick={[Function]}
      >
        Pearl Krabs
      </p>
      <div
        className="vehicleTableCell iconWrapper"
        onClick={[Function]}
      >
        <span
          className="dot"
          data-testid="Icon-active"
        />
        <p>
          active
        </p>
      </div>
      <p
        className="vehicleTableCell"
        onClick={[Function]}
      >
        Eletrical
      </p>
      <div
        className="vehicleEquipments"
        data-testid="VehicleEquipments-wrapper"
        onClick={[Function]}
      >
        <p
          className="vehicleTableCell"
        >
          Fire Extinguisher
        </p>
      </div>
    </div>
    <div
      className="vehicleTableRow"
    >
      <p
        className="vehicleTableCell"
        onClick={[Function]}
      >
        v9
      </p>
      <p
        className="vehicleTableCell"
        onClick={[Function]}
      >
        KL2OK1
      </p>
      <p
        className="vehicleTableCell"
        onClick={[Function]}
      >
        Gary the Snail
      </p>
      <div
        className="vehicleTableCell iconWrapper"
        onClick={[Function]}
      >
        <span
          className="dot"
          data-testid="Icon-active"
        />
        <p>
          active
        </p>
      </div>
      <p
        className="vehicleTableCell"
        onClick={[Function]}
      >
        LNG
      </p>
      <div
        className="vehicleEquipments"
        data-testid="VehicleEquipments-wrapper"
        onClick={[Function]}
      />
    </div>
    <div
      className="vehicleTableRow"
    >
      <p
        className="vehicleTableCell"
        onClick={[Function]}
      >
        v10
      </p>
      <p
        className="vehicleTableCell"
        onClick={[Function]}
      >
        LSAO21
      </p>
      <p
        className="vehicleTableCell"
        onClick={[Function]}
      >
        Patchy the Pirate
      </p>
      <div
        className="vehicleTableCell iconWrapper"
        onClick={[Function]}
      >
        <span
          className="dot"
          data-testid="Icon-active"
        />
        <p>
          active
        </p>
      </div>
      <p
        className="vehicleTableCell"
        onClick={[Function]}
      >
        LNG
      </p>
      <div
        className="vehicleEquipments"
        data-testid="VehicleEquipments-wrapper"
        onClick={[Function]}
      >
        <p
          className="vehicleTableCell"
        >
          Tachograph
        </p>
      </div>
    </div>
    <div
      className="vehicleTableRow"
    >
      <p
        className="vehicleTableCell"
        onClick={[Function]}
      >
        v11
      </p>
      <p
        className="vehicleTableCell"
        onClick={[Function]}
      >
        LSP21P
      </p>
      <p
        className="vehicleTableCell"
        onClick={[Function]}
      >
        Potty the Parrot
      </p>
      <p
        className="vehicleTableCell"
        onClick={[Function]}
      >
        inactive
      </p>
      <p
        className="vehicleTableCell"
        onClick={[Function]}
      >
        Diesel
      </p>
      <div
        className="vehicleEquipments"
        data-testid="VehicleEquipments-wrapper"
        onClick={[Function]}
      >
        <p
          className="vehicleTableCell"
        >
          Hook
        </p>
      </div>
    </div>
    <div
      className="vehicleTableRow"
    >
      <p
        className="vehicleTableCell"
        onClick={[Function]}
      >
        v12
      </p>
      <p
        className="vehicleTableCell"
        onClick={[Function]}
      >
        212AWN
      </p>
      <p
        className="vehicleTableCell"
        onClick={[Function]}
      >
        French Narrator
      </p>
      <div
        className="vehicleTableCell iconWrapper"
        onClick={[Function]}
      >
        <span
          className="dot"
          data-testid="Icon-active"
        />
        <p>
          active
        </p>
      </div>
      <p
        className="vehicleTableCell"
        onClick={[Function]}
      >
        Diesel
      </p>
      <div
        className="vehicleEquipments"
        data-testid="VehicleEquipments-wrapper"
        onClick={[Function]}
      />
    </div>
    <div
      className="vehicleTableRow"
    >
      <p
        className="vehicleTableCell"
        onClick={[Function]}
      >
        v13
      </p>
      <p
        className="vehicleTableCell"
        onClick={[Function]}
      >
        1W321W
      </p>
      <p
        className="vehicleTableCell"
        onClick={[Function]}
      >
        Mermaid Man and Barnacle Boy
      </p>
      <div
        className="vehicleTableCell iconWrapper"
        onClick={[Function]}
      >
        <span
          className="dot"
          data-testid="Icon-active"
        />
        <p>
          active
        </p>
      </div>
      <p
        className="vehicleTableCell"
        onClick={[Function]}
      >
        Diesel
      </p>
      <div
        className="vehicleEquipments"
        data-testid="VehicleEquipments-wrapper"
        onClick={[Function]}
      >
        <p
          className="vehicleTableCell"
        >
          Tachograph
        </p>
      </div>
    </div>
    <div
      className="vehicleTableRow"
    >
      <p
        className="vehicleTableCell"
        onClick={[Function]}
      >
        v14
      </p>
      <p
        className="vehicleTableCell"
        onClick={[Function]}
      >
        14HUEO
      </p>
      <p
        className="vehicleTableCell"
        onClick={[Function]}
      >
        The Flying Dutchman
      </p>
      <div
        className="vehicleTableCell iconWrapper"
        onClick={[Function]}
      >
        <span
          className="dot"
          data-testid="Icon-active"
        />
        <p>
          active
        </p>
      </div>
      <p
        className="vehicleTableCell"
        onClick={[Function]}
      >
        Diesel
      </p>
      <p
        className="vehicleTableCell"
        onClick={[Function]}
      />
    </div>
    <div
      className="vehicleTableRow"
    >
      <p
        className="vehicleTableCell"
        onClick={[Function]}
      >
        v15
      </p>
      <p
        className="vehicleTableCell"
        onClick={[Function]}
      >
        
      </p>
      <p
        className="vehicleTableCell"
        onClick={[Function]}
      >
        King Neptune
      </p>
      <div
        className="vehicleTableCell iconWrapper"
        onClick={[Function]}
      >
        <span
          className="dot"
          data-testid="Icon-active"
        />
        <p>
          active
        </p>
      </div>
      <p
        className="vehicleTableCell"
        onClick={[Function]}
      >
        Diesel
      </p>
      <div
        className="vehicleEquipments"
        data-testid="VehicleEquipments-wrapper"
        onClick={[Function]}
      >
        <p
          className="vehicleTableCell"
        >
          Crane
        </p>
        <p
          className="vehicleTableCell"
        >
          Tachograph
        </p>
        <p
          className="vehicleTableCell"
        >
          Fire Extinguisher
        </p>
        <p
          className="vehicleTableCell"
        >
          Hook
        </p>
      </div>
    </div>
  </div>
</main>
`;
