// Jest Snapshot v1, https://goo.gl/fbAQLP

exports[`VehicleTable renders an array of vehicles 1`] = `
<div
  className="vehicleTable"
>
  <div
    className="vehicleTableHeader"
  >
    <p
      className="vehicleTableCell"
    >
      id
    </p>
    <p
      className="vehicleTableCell"
    >
      name
    </p>
    <p
      className="vehicleTableCell"
    >
      driver
    </p>
    <p
      className="vehicleTableCell"
    >
      status
    </p>
    <p
      className="vehicleTableCell"
    >
      fuelType
    </p>
    <p
      className="vehicleTableCell"
    >
      equipments
    </p>
  </div>
  <div
    className="vehicleTableRow"
  >
    <p
      className="vehicleTableCell"
    >
      v1
    </p>
    <p
      className="vehicleTableCell"
    >
      AB23
    </p>
    <p
      className="vehicleTableCell"
    >
      SpongeBob SquarePants
    </p>
    <div
      className="vehicleTableCell iconWrapper"
    >
      <span
        className="dot"
        data-testid="Icon-active"
      />
      <p>
        active
      </p>
    </div>
    <p
      className="vehicleTableCell"
    >
      LNG
    </p>
    <div
      className="vehicleEquipments"
      data-testid="VehicleEquipments-wrapper"
    >
      <p
        className="vehicleTableCell"
      >
        Crane
      </p>
      <p
        className="vehicleTableCell"
      >
        Tachograph
      </p>
    </div>
  </div>
  <div
    className="vehicleTableRow"
  >
    <p
      className="vehicleTableCell"
    >
      v2
    </p>
    <p
      className="vehicleTableCell"
    >
      XXW123
    </p>
    <p
      className="vehicleTableCell"
    >
      Patrick Star
    </p>
    <div
      className="vehicleTableCell iconWrapper"
    >
      <span
        className="dot"
        data-testid="Icon-active"
      />
      <p>
        active
      </p>
    </div>
    <p
      className="vehicleTableCell"
    >
      Diesel
    </p>
    <div
      className="vehicleEquipments"
      data-testid="VehicleEquipments-wrapper"
    >
      <p
        className="vehicleTableCell"
      >
        Tachograph
      </p>
    </div>
  </div>
  <div
    className="vehicleTableRow"
  >
    <p
      className="vehicleTableCell"
    >
      v3
    </p>
    <p
      className="vehicleTableCell"
    >
      GA33
    </p>
    <p
      className="vehicleTableCell"
    >
      Squidward Tentacles
    </p>
    <div
      className="vehicleTableCell iconWrapper"
    >
      <span
        className="dot"
        data-testid="Icon-active"
      />
      <p>
        active
      </p>
    </div>
    <p
      className="vehicleTableCell"
    >
      CNG
    </p>
    <div
      className="vehicleEquipments"
      data-testid="VehicleEquipments-wrapper"
    >
      <p
        className="vehicleTableCell"
      >
        Hook
      </p>
    </div>
  </div>
</div>
`;
