// Jest Snapshot v1, https://goo.gl/fbAQLP

exports[`Header renders without crashing 1`] = `
<header
  className="header"
>
  <span
    className="vehicle"
    data-testid="Icon-vehicle"
  >
    <svg
      className="vehicle"
    >
      truck.svg
    </svg>
  </span>
  <div
    className="textWrapper"
  >
    <h1
      className="title"
    >
      Welcome, Fleet Owner
    </h1>
    <p
      className="infoText"
    >
      Here you can view a full list of your vehicle fleet.
    </p>
    <p
      className="infoText"
    >
      To edit a vehicle, simply click on the field you want to change.
    </p>
    <p
      className="infoText"
    >
      The updated vehicle will be saved when you press Enter/Esc, or click anywhere outside.
    </p>
  </div>
</header>
`;
